[sahmsolution.com/index.html]
[backblue.gif]
[fade.gif]
[index.html]
[sahmsolution.com/assets/css/bootstrap.min.css]
[sahmsolution.com/assets/css/font-awesome.min.css]
[sahmsolution.com/assets/fonts/flaticon.css]
[sahmsolution.com/assets/css/animate.css]
[sahmsolution.com/assets/css/owl.carousel.css]
[sahmsolution.com/assets/css/slick.css]
[sahmsolution.com/assets/css/off-canvas.css]
[sahmsolution.com/assets/css/magnific-popup.css]
[sahmsolution.com/assets/css/rsmenu-main.css]
[sahmsolution.com/assets/css/rs-spacing.css]
[sahmsolution.com/style.css]
[sahmsolution.com/assets/css/responsive.css]
[sahmsolution.com/assets/images/logo-dark.svg]
[sahmsolution.com/about.html]
[sahmsolution.com/software-development.html]
[sahmsolution.com/outsourcing-and-manpower.html]
[sahmsolution.com/analytic-solutions.html]
[sahmsolution.com/ai-solutions.html]
[sahmsolution.com/cyber-security.html]
[sahmsolution.com/testing-and-qa.html]
[sahmsolution.com/become-partner.html]
[sahmsolution.com/contact.html]
[sahmsolution.com/assets/images/about/about-6.png]
[sahmsolution.com/assets/images/services/main-home/icons/7.svg]
[sahmsolution.com/assets/images/services/main-home/icons/7-white.svg]
[sahmsolution.com/assets/images/services/main-home/icons/9.svg]
[sahmsolution.com/assets/images/services/main-home/icons/9-white.svg]
[sahmsolution.com/assets/images/services/main-home/icons/8.svg]
[sahmsolution.com/assets/images/services/main-home/icons/8-white.svg]
[sahmsolution.com/assets/images/technology/style2/1.png]
[sahmsolution.com/assets/images/technology/style2/2.png]
[sahmsolution.com/assets/images/technology/style2/3.png]
[sahmsolution.com/assets/images/technology/style2/4.png]
[sahmsolution.com/assets/images/technology/style2/5.png]
[sahmsolution.com/assets/images/technology/style2/6.png]
[sahmsolution.com/assets/images/technology/style2/7.png]
[sahmsolution.com/assets/images/technology/style2/8.png]
[sahmsolution.com/assets/images/technology/style2/9.png]
[sahmsolution.com/assets/images/technology/style2/10.png]
[sahmsolution.com/assets/images/technology/style2/11.png]
[sahmsolution.com/assets/images/technology/style2/12.png]
[sahmsolution.com/assets/images/technology/style2/13.png]
[sahmsolution.com/assets/images/technology/style2/14.png]
[sahmsolution.com/assets/images/technology/style2/15.png]
[sahmsolution.com/assets/images/technology/style2/16.png]
[sahmsolution.com/assets/images/technology/style2/17.png]
[sahmsolution.com/assets/images/technology/style2/18.png]
[sahmsolution.com/assets/images/partner/style2/tamkeentech.svg]
[sahmsolution.com/assets/images/partner/style2/2.png]
[sahmsolution.com/assets/images/partner/style2/11.svg]
[sahmsolution.com/assets/images/partner/style2/hrsd.svg]
[sahmsolution.com/assets/images/partner/style2/12.svg]
[sahmsolution.com/assets/images/partner/style2/13.svg]
[sahmsolution.com/assets/images/partner/style2/14.svg]
[sahmsolution.com/assets/images/partner/style2/15.png]
[sahmsolution.com/assets/images/partner/style2/16.png]
[sahmsolution.com/assets/images/partner/style2/17.png]
[sahmsolution.com/assets/images/partner/style2/18.png]
[sahmsolution.com/assets/images/partner/style2/19.png]
[sahmsolution.com/assets/images/partner/style2/20.png]
[sahmsolution.com/assets/images/partner/style2/21.png]
[sahmsolution.com/assets/images/partner/style2/22.jpg]
[sahmsolution.com/assets/images/logo-light.svg]
[sahmsolution.com/assets/js/modernizr-2.8.3.min.js]
[sahmsolution.com/assets/js/jquery.min.js]
[sahmsolution.com/assets/js/bootstrap.min.js]
[sahmsolution.com/assets/js/rsmenu-main.js]
[sahmsolution.com/assets/js/jquery.nav.js]
[sahmsolution.com/assets/js/owl.carousel.min.js]
[sahmsolution.com/assets/js/wow.min.js]
[sahmsolution.com/assets/js/skill.bars.jquery.js]
[sahmsolution.com/assets/js/jquery.counterup.min.js]
[sahmsolution.com/assets/js/waypoints.min.js]
[sahmsolution.com/assets/js/swiper.min.js]
[sahmsolution.com/assets/js/particles.min.js]
[sahmsolution.com/assets/js/jquery.magnific-popup.min.js]
[sahmsolution.com/assets/js/plugins.js]
[sahmsolution.com/assets/js/pointer.js]
[sahmsolution.com/assets/js/contact.form.js]
[sahmsolution.com/index.html]
[sahmsolution.com/assets/images/fav.svg]
[sahmsolution.com/assets/css/bootstrap.min.css]
[sahmsolution.com/assets/js/main.js]
[sahmsolution.com/index-2.html]
[sahmsolution.com/assets/fonts/fontawesome-webfont3e6e.eot]
[sahmsolution.com/assets/fonts/fontawesome-webfontd41d.eot]
[sahmsolution.com/assets/fonts/fontawesome-webfont3e6e.woff2]
[sahmsolution.com/assets/fonts/fontawesome-webfont3e6e.woff]
[sahmsolution.com/assets/fonts/fontawesome-webfont3e6e.ttf]
[sahmsolution.com/assets/css/font-awesome.min.css]
[sahmsolution.com/assets/fonts/fontawesome-webfont3e6e.svg]
[sahmsolution.com/assets/fonts/Flaticon.eot]
[sahmsolution.com/assets/fonts/Flaticond41d.eot]
[sahmsolution.com/assets/fonts/Flaticon.woff2]
[sahmsolution.com/assets/fonts/Flaticon.woff]
[sahmsolution.com/assets/fonts/Flaticon.ttf]
[sahmsolution.com/assets/fonts/flaticon.css]
[sahmsolution.com/assets/css/animate.css]
[sahmsolution.com/assets/fonts/Flaticon.svg]
[sahmsolution.com/assets/css/owl.video.play.5e.delayed]
[sahmsolution.com/assets/css/owl.carousel.css]
[sahmsolution.com/assets/css/slick.css]
[sahmsolution.com/assets/css/off-canvas.css]
[sahmsolution.com/assets/css/magnific-popup.css]
[sahmsolution.com/assets/css/rsmenu-main.css]
[sahmsolution.com/assets/css/rs-spacing.css]
[sahmsolution.com/assets/images/close.png]
[sahmsolution.com/assets/images/bg/testimonial-bg.png]
[sahmsolution.com/assets/images/bg/counter-bg.png]
[sahmsolution.com/assets/images/bg/process-bg.jpg]
[sahmsolution.com/assets/images/bg/about-2.jpg]
[sahmsolution.com/assets/images/bg/project-bg.png]
[sahmsolution.com/assets/images/bg/cta-bg.png]
[sahmsolution.com/assets/images/bg/call-action.jpg]
[sahmsolution.com/assets/images/bg/work-bg.png]
[sahmsolution.com/assets/images/bg/testi-home7.jpg]
[sahmsolution.com/assets/images/bg/index-bg.jpg]
[sahmsolution.com/assets/images/bg/case-study.jpg]
[sahmsolution.com/assets/images/bg/services-bg.jpg]
[sahmsolution.com/assets/images/bg/choose-bg.jpg]
[sahmsolution.com/assets/images/bg/steps-area.png]
[sahmsolution.com/assets/images/bg/tech-bg.png]
[sahmsolution.com/assets/images/bg/call-to-action2.jpg]
[sahmsolution.com/assets/images/bg/shape-bg2.png]
[sahmsolution.com/assets/images/bg/3counter-.jpg]
[sahmsolution.com/assets/images/bg/services-bg-shape.png]
[sahmsolution.com/assets/images/bg/home13/counter-bg.73.delayed]
[sahmsolution.com/assets/images/bg/testi12-bg.jpg]
[sahmsolution.com/assets/images/bg/call-action3.jpg]
[sahmsolution.com/assets/images/bg/cta-bg13.jpg]
[sahmsolution.com/assets/images/bg/skill-bg16.jpg]
[sahmsolution.com/assets/images/bg/service-bg16.jpg]
[sahmsolution.com/assets/images/bg/counter-bg16.jpg]
[sahmsolution.com/assets/images/bg/testi-bg16.jpg]
[sahmsolution.com/assets/images/bg/cta-bg16.jpg]
[sahmsolution.com/assets/images/bg/steps-bg.jpg]
[sahmsolution.com/assets/images/banner/banner-1.jpg]
[sahmsolution.com/assets/images/banner/banner-2.jpg]
[sahmsolution.com/assets/images/banner/banner-6.jpg]
[sahmsolution.com/assets/images/banner/style2/banner-9.jpg]
[sahmsolution.com/assets/images/banner/style3/home-11.jpg]
[sahmsolution.com/assets/images/banner/home-12.jpg]
[sahmsolution.com/assets/images/banner/style4/banner-bg.png]
[sahmsolution.com/assets/images/banner/banner14.jpg]
[sahmsolution.com/assets/images/breadcrumbs/1.jpg]
[sahmsolution.com/assets/images/breadcrumbs/2.jpg]
[sahmsolution.com/assets/images/breadcrumbs/3.jpg]
[sahmsolution.com/assets/images/breadcrumbs/4.jpg]
[sahmsolution.com/assets/images/breadcrumbs/5.jpg]
[sahmsolution.com/assets/images/breadcrumbs/6.jpg]
[sahmsolution.com/assets/images/breadcrumbs/7.jpg]
[sahmsolution.com/assets/images/breadcrumbs/8.png]
[sahmsolution.com/assets/images/breadcrumbs/9.jpg]
[sahmsolution.com/assets/images/breadcrumbs/10.jpg]
[sahmsolution.com/assets/images/slider/slider-1-1.jpg]
[sahmsolution.com/assets/images/slider/slider-2.jpg]
[sahmsolution.com/assets/images/slider/style2/2.jpg]
[sahmsolution.com/assets/images/slider/style2/1.jpg]
[sahmsolution.com/assets/images/video/video.jpg]
[sahmsolution.com/assets/images/bg/team-bg.png]
[sahmsolution.com/assets/images/team/ngbng.png]
[sahmsolution.com/assets/images/services/main-home/icons/bg-box.png]
[sahmsolution.com/assets/images/services/main-home/icons/bg-box-2.png]
[sahmsolution.com/assets/images/services/main-home/icons/bg-box-3.png]
[sahmsolution.com/assets/images/services/single/contact-phone.png]
[sahmsolution.com/assets/images/bg/partners-bg.jpg]
[sahmsolution.com/assets/images/bg/footer-bg.png]
[sahmsolution.com/assets/images/bg/footer-bg2.jpg]
[sahmsolution.com/assets/images/bg/error.jpg]
[sahmsolution.com/style.css]
[sahmsolution.com/assets/css/responsive.css]
[sahmsolution.com/assets/images/logo-dark.svg]
[sahmsolution.com/assets/images/about/about-3.jpg]
[sahmsolution.com/assets/images/process/1.png]
[sahmsolution.com/assets/images/process/2.png]
[sahmsolution.com/assets/images/process/3.png]
[sahmsolution.com/assets/images/process/4.png]
[sahmsolution.com/about.html]
[sahmsolution.com/assets/images/services/single/software-development.jpg]
[sahmsolution.com/assets/images/services/style3/main-img/5.png]
[sahmsolution.com/assets/images/services/style3/hover-img/5.png]
[sahmsolution.com/assets/images/services/style3/main-img/9.png]
[sahmsolution.com/assets/images/services/style3/hover-img/9.png]
[sahmsolution.com/software-development.html]
[sahmsolution.com/assets/images/services/single/4.jpg]
[sahmsolution.com/assets/images/services/style3/main-img/11.svg]
[sahmsolution.com/assets/images/services/style3/hover-img/11.svg]
[sahmsolution.com/assets/images/services/style3/main-img/12.svg]
[sahmsolution.com/assets/images/services/style3/hover-img/12.svg]
[sahmsolution.com/assets/images/services/style3/main-img/13.svg]
[sahmsolution.com/outsourcing-and-manpower.html]
[sahmsolution.com/assets/images/services/style3/hover-img/13.svg]
[sahmsolution.com/assets/images/services/single/5.jpg]
[sahmsolution.com/assets/images/technology/style2/Tableau.png]
[sahmsolution.com/assets/images/technology/style2/Microsoft-Power-Platform.png]
[sahmsolution.com/analytic-solutions.html]
[sahmsolution.com/assets/images/services/single/6.jpg]
[sahmsolution.com/ai-solutions.html]
[sahmsolution.com/assets/images/services/single/7.jpg]
[sahmsolution.com/cyber-security.html]
[sahmsolution.com/assets/images/services/single/8.png]
[sahmsolution.com/assets/images/services/style7/4.png]
[sahmsolution.com/assets/images/services/style7/7.png]
[sahmsolution.com/assets/images/services/style7/6.png]
[sahmsolution.com/assets/images/services/style7/5.png]
[sahmsolution.com/assets/images/services/style7/8.png]
[sahmsolution.com/testing-and-qa.html]
[sahmsolution.com/become-partner.html]
[sahmsolution.com/contact.html]
[sahmsolution.com/assets/images/services/main-home/icons/7.svg]
[sahmsolution.com/assets/images/services/main-home/icons/7-white.svg]
[sahmsolution.com/assets/images/services/main-home/icons/9.svg]
[sahmsolution.com/assets/images/services/main-home/icons/9-white.svg]
[sahmsolution.com/assets/images/services/main-home/icons/8.svg]
[sahmsolution.com/assets/images/services/main-home/icons/8-white.svg]
[sahmsolution.com/assets/images/partner/style2/tamkeentech.svg]
[sahmsolution.com/assets/images/partner/style2/11.svg]
[sahmsolution.com/assets/images/partner/style2/hrsd.svg]
[sahmsolution.com/assets/images/partner/style2/12.svg]
[sahmsolution.com/assets/images/partner/style2/13.svg]
[sahmsolution.com/assets/images/partner/style2/14.svg]
[sahmsolution.com/assets/images/logo-light.svg]
[sahmsolution.com/index-2.html]
[sahmsolution.com/assets/fonts/fontawesome-webfont3e6e.svg]
[sahmsolution.com/assets/fonts/Flaticon.svg]
[sahmsolution.com/assets/css/owl.video.play.html]
[sahmsolution.com/assets/images/bg/home13/counter-bg.html]
[sahmsolution.com/assets/images/services/style3/main-img/11.svg]
[sahmsolution.com/assets/images/services/style3/hover-img/11.svg]
[sahmsolution.com/assets/images/services/style3/main-img/12.svg]
[sahmsolution.com/assets/images/services/style3/hover-img/12.svg]
[sahmsolution.com/assets/images/services/style3/main-img/13.svg]
[sahmsolution.com/assets/images/services/style3/hover-img/13.svg]
